
ravishankar9@USGURRAVISH22 MINGW64 ~/Documents/Learning/Docker-and-Kubernetes/MyCode/springboot-test/AuthServerOuth2JWT/src/main/resources (master)
$ openssl genrsa -out jwt.pem 2048
Generating RSA private key, 2048 bit long modulus (2 primes)
.....................+++++
.............+++++
e is 65537 (0x010001)

ravishankar9@USGURRAVISH22 MINGW64 ~/Documents/Learning/Docker-and-Kubernetes/MyCode/springboot-test/AuthServerOuth2JWT/src/main/resources (master)
$ openssl rsa -in jwt.pem
Can't open jwt.pem for reading, No such file or directory
173760:error:02001002:system library:fopen:No such file or directory:../openssl-1.1.1d/crypto/bio/bss_file.c:69:fopen('jwt.pem','r')
173760:error:2006D080:BIO routines:BIO_new_file:no such file:../openssl-1.1.1d/crypto/bio/bss_file.c:76:
unable to load Private Key

ravishankar9@USGURRAVISH22 MINGW64 ~/Documents/Learning/Docker-and-Kubernetes/MyCode/springboot-test/AuthServerOuth2JWT/src/main/resources (master)
$ openssl rsa -in jwt-private-key.pem
-----BEGIN RSA PRIVATE KEY-----
MIIEowIBAAKCAQEAyWehUFVVT1XiwhkTw38DJeHvdudHtatr1byUWQdQeeB4NbHK
EYbM5uyIPe2Z34uM83z5rT7OTYUG80AD4zpUtEvJmg6/KbcIJQhouLURXyLk+tgi
TwO5JdPsSrTk+cqTRPnnJ+W/a90u22SU0zjM1vbQ+R6lKGaEmu27o9uQOIkbNBGl
41bg9pDISWJ+Z8NE8FYCEz6PX9IJ7WsRshGpFAkaNUUFep8b908yLyE7Cn3+AwCA
FCNgeXbzqicZ/1QYXN/oNIqslJwi0dOtfQkrRSCv5L47+CvxAHlJNAodi1LWISDr
jiWqbaEUCVEXgfsfqFuYfDta0mfzh82ZpDyVHwIDAQABAoIBAHuGbp65p5gAAhKv
lLqLdN/QIbGYihe3Km0tuwKbhNUrQi8Ueu2i8psTKUBqMLy1d16DIRMLeTZ8R1X7
xiagSQFHlj9Bmic4les4rBnVG/FwkmXzF5/EldLIlpz/M4ysnQRqDUcgFvZN8wYm
O00NAj05pdOU4xDTR7NJ6ZLHAD5baZjbl5qaI46CmfiAiWN2YpqZOnWR470041+1
57lG8PZ+buhDP9dHTz5EbUQGSqT3TWzB4jmTvrnbzepLYKZzCBgJS7IopFivTwX5
Yh0r1sO7dqGcxJ6YRm2s83HKh3KcJLI8qLO/BBChSU4QNJNyz315kQvWL1EfHOsE
HeGFvOECgYEA9Pj1dRoQ5J48cIcenfKxDqkytiB+dpDwqhiyFB2lF7qnTbpLrSSn
mBSbLpsBnwjgdI8vhwZweoIP5cvnhdJ6lY1zDzccXyFKw3iHxZCqyqy54ksGrBw4
GdVA3Qqh5JXx7c9T9jrzKmGZODFb2m4rJcS0/idASfgZg/tyhuIPkrECgYEA0niZ
5EFzZTSn7QVb20klW06cFv+BUpLrR93817PU3tzl+je+CwhQzfcs0r63KSQAbnd+
3u53NoK9NVrjCc3xCnFpHftfHaFa1qz5vvRmdBzN438V/i+sTETIb7yCzhLp+mYI
Utz6hK+TprsNatwQAOs0OdVaEgxU7otZZ7+CeM8CgYByPQ8qVsd99ZS13S0X9y8+
aQTvDeQrope4mt+gpdpxYGfYxYG48pj9QM7FQx/UbC1P7d36F7SoTLLhNN949piX
2WjItaiTbFETKsgWB8q9zSK6NsabyGUZFuuyqNyqXop9nevHreHr56uuGsZ87FdO
u5az1tYSKJKti7ryz8T3YQKBgAcqMdryW3JLi5fnAcyCPfJQx8GEqytbcwT8Spox
NgLsNCwDb8XCX7XTP0RhV6zf29/m03vVVFuXscc6M9Zmm1kGqVRq9T71+jiqpMna
Wg6D2IJxFheUGeJyyPv8x9sqC6sJhCkF+sU/kOAxJ/DGUwkk+J8rYyiQIOgJ+F4u
x8tDAoGBAI5WgZsBE6gK31424lGh6U2AFO8Yq0cPYJCC5kGIYtc76WaBYXcDceBc
Dn8f2+wbgm21XmVdNPdF/rc4B/UWFUYbSlDkTGLdFi9s2Or77ljcxo5Jdg9A/cHj
P/T7hLO1UN/l6Bcc+sOx2/QmBcpP9XNIck6Mfd4CqTHshr/Rsq/n
-----END RSA PRIVATE KEY-----
writing RSA key

ravishankar9@USGURRAVISH22 MINGW64 ~/Documents/Learning/Docker-and-Kubernetes/MyCode/springboot-test/AuthServerOuth2JWT/src/main/resources (master)
$ openssl rsa -in jwt-private-key.pem -pubout
-----BEGIN PUBLIC KEY-----
MIIBIjANBgkqhkiG9w0BAQEFAAOCAQ8AMIIBCgKCAQEAyWehUFVVT1XiwhkTw38D
JeHvdudHtatr1byUWQdQeeB4NbHKEYbM5uyIPe2Z34uM83z5rT7OTYUG80AD4zpU
tEvJmg6/KbcIJQhouLURXyLk+tgiTwO5JdPsSrTk+cqTRPnnJ+W/a90u22SU0zjM
1vbQ+R6lKGaEmu27o9uQOIkbNBGl41bg9pDISWJ+Z8NE8FYCEz6PX9IJ7WsRshGp
FAkaNUUFep8b908yLyE7Cn3+AwCAFCNgeXbzqicZ/1QYXN/oNIqslJwi0dOtfQkr
RSCv5L47+CvxAHlJNAodi1LWISDrjiWqbaEUCVEXgfsfqFuYfDta0mfzh82ZpDyV
HwIDAQAB
-----END PUBLIC KEY-----
writing RSA key

ravishankar9@USGURRAVISH22 MINGW64 ~/Documents/Learning/Docker-and-Kubernetes/MyCode/springboot-test/AuthServerOuth2JWT/src/main/resources (master)
$ openssl rsa -in jwt-private-key.pem -in jwt-public
Can't open jwt-public for reading, No such file or directory
172704:error:02001002:system library:fopen:No such file or directory:../openssl-1.1.1d/crypto/bio/bss_file.c:69:fopen('jwt-public','r')
172704:error:2006D080:BIO routines:BIO_new_file:no such file:../openssl-1.1.1d/crypto/bio/bss_file.c:76:
unable to load Private Key

ravishankar9@USGURRAVISH22 MINGW64 ~/Documents/Learning/Docker-and-Kubernetes/MyCode/springboot-test/AuthServerOuth2JWT/src/main/resources (master)
$ openssl rsa -in jwt-private-key.pem -in jwt-public.pem
Can't open jwt-public.pem for reading, No such file or directory
177128:error:02001002:system library:fopen:No such file or directory:../openssl-1.1.1d/crypto/bio/bss_file.c:69:fopen('jwt-public.pem','r')
177128:error:2006D080:BIO routines:BIO_new_file:no such file:../openssl-1.1.1d/crypto/bio/bss_file.c:76:
unable to load Private Key

ravishankar9@USGURRAVISH22 MINGW64 ~/Documents/Learning/Docker-and-Kubernetes/MyCode/springboot-test/AuthServerOuth2JWT/src/main/resources (master)
$



ravishankar9@USGURRAVISH22 MINGW64 ~/Documents/Learning/Docker-and-Kubernetes/MyCode/springboot-test/AuthServerOuth2JWT/src/main/resources (master)
$

ravishankar9@USGURRAVISH22 MINGW64 ~/Documents/Learning/Docker-and-Kubernetes/MyCode/springboot-test/AuthServerOuth2JWT/src/main/resources (master)
$

ravishankar9@USGURRAVISH22 MINGW64 ~/Documents/Learning/Docker-and-Kubernetes/MyCode/springboot-test/AuthServerOuth2JWT/src/main/resources (master)
$ keytool -genkey -keystore keystore.jks -alias ssl -keyalg RSA -sigalg SHA256withRSA -validity 365 -keysize 2048
Enter keystore password:  ravi
Keystore password is too short - must be at least 6 characters
Enter keystore password:  ravishankar
Re-enter new password: ravishankar
What is your first and last name?
  [Unknown]:  ravi shankar
What is the name of your organizational unit?
  [Unknown]:  ravi
What is the name of your organization?
  [Unknown]:  ravi
What is the name of your City or Locality?
  [Unknown]:  delhi
What is the name of your State or Province?
  [Unknown]:  delhi
What is the two-letter country code for this unit?
  [Unknown]:  IN
Is CN=ravi shankar, OU=ravi, O=ravi, L=delhi, ST=delhi, C=IN correct?
  [no]:  y

Enter key password for <ssl>
        (RETURN if same as keystore password):  ravi
Key password is too short - must be at least 6 characters
Enter key password for <ssl>
        (RETURN if same as keystore password):  ravi
Key password is too short - must be at least 6 characters
Enter key password for <ssl>
        (RETURN if same as keystore password):  ravishankar
Re-enter new password: ravishankar

Warning:
The JKS keystore uses a proprietary format. It is recommended to migrate to PKCS12 which is an industry standard format using "keytool -importkeystore -srckeystore keystore.jks -destkeystore keystore.jks -deststoretype pkcs12".

ravishankar9@USGURRAVISH22 MINGW64 ~/Documents/Learning/Docker-and-Kubernetes/MyCode/springboot-test/AuthServerOuth2JWT/src/main/resources (master)
$
